// Jest Snapshot v1, https://goo.gl/fbAQLP

exports[`Reset button test Should render correctly 1`] = `
<DocumentFragment>
  <button
    class="css-1cjjgsg"
    data-testid="reset-button"
  >
    ðŸ˜¬
  </button>
</DocumentFragment>
`;
