// Jest Snapshot v1, https://goo.gl/fbAQLP

exports[`Grid tests Grid render correctly 1`] = `
<DocumentFragment>
  <div
    class="css-2gtdmb"
    size="12"
  >
    <div
      class="css-4r8q4z"
      data-testid="9_0,0"
    >
      <div
        class="css-2eux8l"
      />
    </div>
    <div
      class="css-53i6ep"
      data-testid="2_0,1"
    >
      2
    </div>
    <div
      class="css-4r8q4z"
      data-testid="9_0,2"
    >
      <div
        class="css-2eux8l"
      />
    </div>
    <div
      class="css-1nnrvqf"
      data-testid="1_0,3"
    >
      1
    </div>
    <div
      class="css-1ux1iji"
      data-testid="0_0,4"
    />
    <div
      class="css-1ux1iji"
      data-testid="0_0,5"
    />
    <div
      class="css-1nnrvqf"
      data-testid="1_0,6"
    >
      1
    </div>
    <div
      class="css-1nnrvqf"
      data-testid="1_0,7"
    >
      1
    </div>
    <div
      class="css-1nnrvqf"
      data-testid="1_0,8"
    >
      1
    </div>
    <div
      class="css-1nnrvqf"
      data-testid="1_0,9"
    >
      1
    </div>
    <div
      class="css-1nnrvqf"
      data-testid="1_0,10"
    >
      1
    </div>
    <div
      class="css-1nnrvqf"
      data-testid="1_0,11"
    >
      1
    </div>
    <div
      class="css-1nnrvqf"
      data-testid="1_1,0"
    >
      1
    </div>
    <div
      class="css-53i6ep"
      data-testid="2_1,1"
    >
      2
    </div>
    <div
      class="css-53i6ep"
      data-testid="2_1,2"
    >
      2
    </div>
    <div
      class="css-53i6ep"
      data-testid="2_1,3"
    >
      2
    </div>
    <div
      class="css-1nnrvqf"
      data-testid="1_1,4"
    >
      1
    </div>
    <div
      class="css-1ux1iji"
      data-testid="0_1,5"
    />
    <div
      class="css-1nnrvqf"
      data-testid="1_1,6"
    >
      1
    </div>
    <div
      class="css-4r8q4z"
      data-testid="9_1,7"
    >
      <div
        class="css-2eux8l"
      />
    </div>
    <div
      class="css-1nnrvqf"
      data-testid="1_1,8"
    >
      1
    </div>
    <div
      class="css-1nnrvqf"
      data-testid="1_1,9"
    >
      1
    </div>
    <div
      class="css-4r8q4z"
      data-testid="9_1,10"
    >
      <div
        class="css-2eux8l"
      />
    </div>
    <div
      class="css-1nnrvqf"
      data-testid="1_1,11"
    >
      1
    </div>
    <div
      class="css-1ux1iji"
      data-testid="0_2,0"
    />
    <div
      class="css-1ux1iji"
      data-testid="0_2,1"
    />
    <div
      class="css-1nnrvqf"
      data-testid="1_2,2"
    >
      1
    </div>
    <div
      class="css-4r8q4z"
      data-testid="9_2,3"
    >
      <div
        class="css-2eux8l"
      />
    </div>
    <div
      class="css-1iw1ast"
      data-testid="10_2,4"
    />
    <div
      class="css-1ux1iji"
      data-testid="0_2,5"
    />
    <div
      class="css-53i6ep"
      data-testid="2_2,6"
    >
      2
    </div>
    <div
      class="css-53i6ep"
      data-testid="2_2,7"
    >
      2
    </div>
    <div
      class="css-53i6ep"
      data-testid="2_2,8"
    >
      2
    </div>
    <div
      class="css-1nnrvqf"
      data-testid="1_2,9"
    >
      1
    </div>
    <div
      class="css-1nnrvqf"
      data-testid="1_2,10"
    >
      1
    </div>
    <div
      class="css-1nnrvqf"
      data-testid="1_2,11"
    >
      1
    </div>
    <div
      class="css-1ux1iji"
      data-testid="0_3,0"
    />
    <div
      class="css-1ux1iji"
      data-testid="0_3,1"
    />
    <div
      class="css-1iw1ast"
      data-testid="10_3,2"
    />
    <div
      class="css-1iw1ast"
      data-testid="10_3,3"
    />
    <div
      class="css-1nnrvqf"
      data-testid="1_3,4"
    >
      1
    </div>
    <div
      class="css-1ux1iji"
      data-testid="0_3,5"
    />
    <div
      class="css-1nnrvqf"
      data-testid="1_3,6"
    >
      1
    </div>
    <div
      class="css-4r8q4z"
      data-testid="9_3,7"
    >
      <div
        class="css-2eux8l"
      />
    </div>
    <div
      class="css-1nnrvqf"
      data-testid="1_3,8"
    >
      1
    </div>
    <div
      class="css-53i6ep"
      data-testid="2_3,9"
    >
      2
    </div>
    <div
      class="css-53i6ep"
      data-testid="2_3,10"
    >
      2
    </div>
    <div
      class="css-53i6ep"
      data-testid="2_3,11"
    >
      2
    </div>
    <div
      class="css-1ux1iji"
      data-testid="0_4,0"
    />
    <div
      class="css-1nnrvqf"
      data-testid="1_4,1"
    >
      1
    </div>
    <div
      class="css-1nnrvqf"
      data-testid="1_4,2"
    >
      1
    </div>
    <div
      class="css-53i6ep"
      data-testid="2_4,3"
    >
      2
    </div>
    <div
      class="css-53i6ep"
      data-testid="2_4,4"
    >
      2
    </div>
    <div
      class="css-4r8q4z"
      data-testid="9_4,5"
    >
      <div
        class="css-2eux8l"
      />
    </div>
    <div
      class="css-1nnrvqf"
      data-testid="1_4,6"
    >
      1
    </div>
    <div
      class="css-1nnrvqf"
      data-testid="1_4,7"
    >
      1
    </div>
    <div
      class="css-1nnrvqf"
      data-testid="1_4,8"
    >
      1
    </div>
    <div
      class="css-1ux1iji"
      data-testid="0_4,9"
    />
    <div
      class="css-1ux1iji"
      data-testid="0_4,10"
    />
    <div
      class="css-1ux1iji"
      data-testid="0_4,11"
    />
    <div
      class="css-1ux1iji"
      data-testid="0_5,0"
    />
    <div
      class="css-1nnrvqf"
      data-testid="1_5,1"
    >
      1
    </div>
    <div
      class="css-4r8q4z"
      data-testid="9_5,2"
    >
      <div
        class="css-2eux8l"
      />
    </div>
    <div
      class="css-160dk3x"
      data-testid="3_5,3"
    >
      3
    </div>
    <div
      class="css-4r8q4z"
      data-testid="9_5,4"
    >
      <div
        class="css-2eux8l"
      />
    </div>
    <div
      class="css-53i6ep"
      data-testid="2_5,5"
    >
      2
    </div>
    <div
      class="css-1iw1ast"
      data-testid="10_5,6"
    />
    <div
      class="css-1ux1iji"
      data-testid="0_5,7"
    />
    <div
      class="css-1ux1iji"
      data-testid="0_5,8"
    />
    <div
      class="css-53i6ep"
      data-testid="2_5,9"
    >
      2
    </div>
    <div
      class="css-1nnrvqf"
      data-testid="1_5,10"
    >
      1
    </div>
    <div
      class="css-1nnrvqf"
      data-testid="1_5,11"
    >
      1
    </div>
    <div
      class="css-1ux1iji"
      data-testid="0_6,0"
    />
    <div
      class="css-53i6ep"
      data-testid="2_6,1"
    >
      2
    </div>
    <div
      class="css-53i6ep"
      data-testid="2_6,2"
    >
      2
    </div>
    <div
      class="css-fhs7xs"
      data-testid="4_6,3"
    >
      4
    </div>
    <div
      class="css-4r8q4z"
      data-testid="9_6,4"
    >
      <div
        class="css-2eux8l"
      />
    </div>
    <div
      class="css-53i6ep"
      data-testid="2_6,5"
    >
      2
    </div>
    <div
      class="css-1iw1ast"
      data-testid="10_6,6"
    />
    <div
      class="css-1nnrvqf"
      data-testid="1_6,7"
    >
      1
    </div>
    <div
      class="css-1nnrvqf"
      data-testid="1_6,8"
    >
      1
    </div>
    <div
      class="css-1nnrvqf"
      data-testid="1_6,9"
    >
      1
    </div>
    <div
      class="css-4r8q4z"
      data-testid="9_6,10"
    >
      <div
        class="css-2eux8l"
      />
    </div>
    <div
      class="css-1nnrvqf"
      data-testid="1_6,11"
    >
      1
    </div>
    <div
      class="css-1ux1iji"
      data-testid="0_7,0"
    />
    <div
      class="css-1nnrvqf"
      data-testid="1_7,1"
    >
      1
    </div>
    <div
      class="css-4r8q4z"
      data-testid="9_7,2"
    >
      <div
        class="css-2eux8l"
      />
    </div>
    <div
      class="css-53i6ep"
      data-testid="2_7,3"
    >
      2
    </div>
    <div
      class="css-1nnrvqf"
      data-testid="1_7,4"
    >
      1
    </div>
    <div
      class="css-1nnrvqf"
      data-testid="1_7,5"
    >
      1
    </div>
    <div
      class="css-1nnrvqf"
      data-testid="1_7,6"
    >
      1
    </div>
    <div
      class="css-4r8q4z"
      data-testid="9_7,7"
    >
      <div
        class="css-2eux8l"
      />
    </div>
    <div
      class="css-1nnrvqf"
      data-testid="1_7,8"
    >
      1
    </div>
    <div
      class="css-53i6ep"
      data-testid="2_7,9"
    >
      2
    </div>
    <div
      class="css-53i6ep"
      data-testid="2_7,10"
    >
      2
    </div>
    <div
      class="css-53i6ep"
      data-testid="2_7,11"
    >
      2
    </div>
    <div
      class="css-1ux1iji"
      data-testid="0_8,0"
    />
    <div
      class="css-1nnrvqf"
      data-testid="1_8,1"
    >
      1
    </div>
    <div
      class="css-1iw1ast"
      data-testid="10_8,2"
    />
    <div
      class="css-1iw1ast"
      data-testid="10_8,3"
    />
    <div
      class="css-1ux1iji"
      data-testid="0_8,4"
    />
    <div
      class="css-1ux1iji"
      data-testid="0_8,5"
    />
    <div
      class="css-1nnrvqf"
      data-testid="1_8,6"
    >
      1
    </div>
    <div
      class="css-1nnrvqf"
      data-testid="1_8,7"
    >
      1
    </div>
    <div
      class="css-1nnrvqf"
      data-testid="1_8,8"
    >
      1
    </div>
    <div
      class="css-1nnrvqf"
      data-testid="1_8,9"
    >
      1
    </div>
    <div
      class="css-4r8q4z"
      data-testid="9_8,10"
    >
      <div
        class="css-2eux8l"
      />
    </div>
    <div
      class="css-1nnrvqf"
      data-testid="1_8,11"
    >
      1
    </div>
    <div
      class="css-1ux1iji"
      data-testid="0_9,0"
    />
    <div
      class="css-1nnrvqf"
      data-testid="1_9,1"
    >
      1
    </div>
    <div
      class="css-1iw1ast"
      data-testid="10_9,2"
    />
    <div
      class="css-1iw1ast"
      data-testid="10_9,3"
    />
    <div
      class="css-1ux1iji"
      data-testid="0_9,4"
    />
    <div
      class="css-1ux1iji"
      data-testid="0_9,5"
    />
    <div
      class="css-1nnrvqf"
      data-testid="1_9,6"
    >
      1
    </div>
    <div
      class="css-1nnrvqf"
      data-testid="1_9,7"
    >
      1
    </div>
    <div
      class="css-1nnrvqf"
      data-testid="1_9,8"
    >
      1
    </div>
    <div
      class="css-1nnrvqf"
      data-testid="1_9,9"
    >
      1
    </div>
    <div
      class="css-4r8q4z"
      data-testid="9_9,10"
    >
      <div
        class="css-2eux8l"
      />
    </div>
    <div
      class="css-1nnrvqf"
      data-testid="1_9,11"
    >
      1
    </div>
    <div
      class="css-1ux1iji"
      data-testid="0_10,0"
    />
    <div
      class="css-1nnrvqf"
      data-testid="1_10,1"
    >
      1
    </div>
    <div
      class="css-1nnrvqf"
      data-testid="1_10,2"
    >
      1
    </div>
    <div
      class="css-1nnrvqf"
      data-testid="1_10,3"
    >
      1
    </div>
    <div
      class="css-1ux1iji"
      data-testid="0_10,4"
    />
    <div
      class="css-1ux1iji"
      data-testid="0_10,5"
    />
    <div
      class="css-1nnrvqf"
      data-testid="1_10,6"
    >
      1
    </div>
    <div
      class="css-1nnrvqf"
      data-testid="1_10,7"
    >
      1
    </div>
    <div
      class="css-1nnrvqf"
      data-testid="1_10,8"
    >
      1
    </div>
    <div
      class="css-1nnrvqf"
      data-testid="1_10,9"
    >
      1
    </div>
    <div
      class="css-4r8q4z"
      data-testid="9_10,10"
    >
      <div
        class="css-2eux8l"
      />
    </div>
    <div
      class="css-1nnrvqf"
      data-testid="1_10,11"
    >
      1
    </div>
    <div
      class="css-1ux1iji"
      data-testid="0_11,0"
    />
    <div
      class="css-1nnrvqf"
      data-testid="1_11,1"
    >
      1
    </div>
    <div
      class="css-1nnrvqf"
      data-testid="1_11,2"
    >
      1
    </div>
    <div
      class="css-1nnrvqf"
      data-testid="1_11,3"
    >
      1
    </div>
    <div
      class="css-1ux1iji"
      data-testid="0_11,4"
    />
    <div
      class="css-1ux1iji"
      data-testid="0_11,5"
    />
    <div
      class="css-1nnrvqf"
      data-testid="1_11,6"
    >
      1
    </div>
    <div
      class="css-1nnrvqf"
      data-testid="1_11,7"
    >
      1
    </div>
    <div
      class="css-1nnrvqf"
      data-testid="1_11,8"
    >
      1
    </div>
    <div
      class="css-1nnrvqf"
      data-testid="1_11,9"
    >
      1
    </div>
    <div
      class="css-4r8q4z"
      data-testid="9_11,10"
    >
      <div
        class="css-2eux8l"
      />
    </div>
    <div
      class="css-1nnrvqf"
      data-testid="1_11,11"
    >
      1
    </div>
  </div>
</DocumentFragment>
`;
